Terrasec

Detect compliance and security violations across Infrastructure as Code to mitigate risk before provisioning cloud native infrastructure.
For more information, please visit https://runterrasec.io/

Usage:
  terrasec [command]

Available Commands:
  completion  Generate the autocompletion script for the specified shell
  help        Help about any command
  init        Initializes Terrasec and clones policies from the Terrasec GitHub repository.
  scan        Detect compliance and security violations across Infrastructure as Code.
  server      Run Terrasec as an API server
  version     Terrasec version

Flags:
  -c, --config-path string      config file path
  -h, --help                    help for terrasec
  -l, --log-level string        log level (debug, info, warn, error, panic, fatal) (default "info")
      --log-output-dir string   directory path to write the log and output files
  -x, --log-type string         log output type (console, json) (default "console")
  -o, --output string           output type (human, json, yaml, xml, junit-xml, sarif, github-sarif) (default "human")
      --temp-dir string         temporary directory path to download remote repository,module and templates

Use "terrasec [command] --help" for more information about a command.
