Error: unknown command "test" for "terrasec"
Run 'terrasec --help' for usage.
